#! /usr/bin/env bash
exec /home/andresmorales/miniconda3/envs/digital/bin/vvp -f "$0" "$@" <<'# EOF'
:ivl_version "13.0 (devel)" "(0_8-6859-gf50cc35d2-dirty)";
:ivl_delay_selection "TYPICAL";
:vpi_time_precision - 12;
:vpi_module "/home/andresmorales/miniconda3/envs/digital/lib/ivl/system.vpi";
:vpi_module "/home/andresmorales/miniconda3/envs/digital/lib/ivl/vhdl_sys.vpi";
:vpi_module "/home/andresmorales/miniconda3/envs/digital/lib/ivl/vhdl_textio.vpi";
:vpi_module "/home/andresmorales/miniconda3/envs/digital/lib/ivl/v2005_math.vpi";
:vpi_module "/home/andresmorales/miniconda3/envs/digital/lib/ivl/va_math.vpi";
S_0x1360a190 .scope module, "div_TB" "div_TB" 2 3;
 .timescale -9 -12;
P_0x1360a320 .param/l "PERIOD" 0 2 23, +C4<00000000000000000000000000010100>;
v0x13672c30_0 .var "clk", 0 0;
v0x13672cf0_0 .net "done", 0 0, v0x136724b0_0;  1 drivers
v0x13672d90_0 .var "init", 0 0;
v0x13672e60_0 .var "op_A", 15 0;
v0x13672f30_0 .var "op_B", 15 0;
v0x13672fd0_0 .var "printed", 0 0;
v0x13673070_0 .var "reset", 0 0;
v0x13673140_0 .net "result", 31 0, v0x136728b0_0;  1 drivers
E_0x1364b4c0 .event posedge, v0x13672310_0;
E_0x136548e0 .event negedge, v0x13672310_0;
S_0x1360a3c0 .scope begin, "TEST_CASE" "TEST_CASE" 2 47, 2 47 0, S_0x1360a190;
 .timescale -9 -12;
S_0x13648d30 .scope module, "uut" "div" 2 13, 3 1 0, S_0x1360a190;
 .timescale -9 -12;
    .port_info 0 /INPUT 1 "reset";
    .port_info 1 /INPUT 1 "clk";
    .port_info 2 /INPUT 1 "init";
    .port_info 3 /OUTPUT 1 "done";
    .port_info 4 /OUTPUT 32 "result";
    .port_info 5 /INPUT 16 "op_A";
    .port_info 6 /INPUT 16 "op_B";
P_0x13648f10 .param/l "CHECK_END" 0 3 15, C4<011>;
P_0x13648f50 .param/l "CHECK_GREATER" 0 3 14, C4<001>;
P_0x13648f90 .param/l "END" 0 3 17, C4<100>;
P_0x13648fd0 .param/l "SHIFT" 0 3 16, C4<010>;
P_0x13649010 .param/l "START" 0 3 13, C4<000>;
P_0x13649050 .param/l "START1" 0 3 18, C4<101>;
L_0x13639790 .functor NOT 16, v0x13671e80_0, C4<0000000000000000>, C4<0000000000000000>, C4<0000000000000000>;
v0x13637e20_0 .var "A", 31 0;
v0x1363cbb0_0 .net "A_minus_B", 15 0, L_0x13683520;  1 drivers
v0x13671e80_0 .var "B", 15 0;
v0x13671f40_0 .net *"_ivl_1", 15 0, L_0x13673210;  1 drivers
v0x13672020_0 .net *"_ivl_2", 15 0, L_0x13639790;  1 drivers
L_0x7a13b36b4018 .functor BUFT 1, C4<0000000000000001>, C4<0>, C4<0>, C4<0>;
v0x13672150_0 .net/2u *"_ivl_4", 15 0, L_0x7a13b36b4018;  1 drivers
v0x13672230_0 .net *"_ivl_6", 15 0, L_0x136833b0;  1 drivers
v0x13672310_0 .net "clk", 0 0, v0x13672c30_0;  1 drivers
v0x136723d0_0 .var "count", 4 0;
v0x136724b0_0 .var "done", 0 0;
v0x13672570_0 .net "init", 0 0, v0x13672d90_0;  1 drivers
v0x13672630_0 .net "op_A", 15 0, v0x13672e60_0;  1 drivers
v0x13672710_0 .net "op_B", 15 0, v0x13672f30_0;  1 drivers
v0x136727f0_0 .net "reset", 0 0, v0x13673070_0;  1 drivers
v0x136728b0_0 .var "result", 31 0;
v0x13672990_0 .var "state", 2 0;
v0x13672a70_0 .var "state_name", 320 1;
E_0x1362dfe0 .event anyedge, v0x13672990_0;
E_0x1363dc80 .event posedge, v0x136727f0_0, v0x13672310_0;
L_0x13673210 .part v0x13637e20_0, 16, 16;
L_0x136833b0 .arith/sum 16, L_0x13639790, L_0x7a13b36b4018;
L_0x13683520 .arith/sum 16, L_0x13673210, L_0x136833b0;
    .scope S_0x13648d30;
T_0 ;
    %pushi/vec4 0, 0, 32;
    %store/vec4 v0x136728b0_0, 0, 32;
    %pushi/vec4 0, 0, 1;
    %store/vec4 v0x136724b0_0, 0, 1;
    %end;
    .thread T_0;
    .scope S_0x13648d30;
T_1 ;
    %wait E_0x1363dc80;
    %load/vec4 v0x136727f0_0;
    %flag_set/vec4 8;
    %jmp/0xz  T_1.0, 8;
    %pushi/vec4 0, 0, 1;
    %assign/vec4 v0x136724b0_0, 0;
    %pushi/vec4 0, 0, 32;
    %assign/vec4 v0x136728b0_0, 0;
    %pushi/vec4 0, 0, 3;
    %store/vec4 v0x13672990_0, 0, 3;
    %jmp T_1.1;
T_1.0 ;
    %load/vec4 v0x13672990_0;
    %dup/vec4;
    %pushi/vec4 0, 0, 3;
    %cmp/u;
    %jmp/1 T_1.2, 6;
    %dup/vec4;
    %pushi/vec4 5, 0, 3;
    %cmp/u;
    %jmp/1 T_1.3, 6;
    %dup/vec4;
    %pushi/vec4 2, 0, 3;
    %cmp/u;
    %jmp/1 T_1.4, 6;
    %dup/vec4;
    %pushi/vec4 1, 0, 3;
    %cmp/u;
    %jmp/1 T_1.5, 6;
    %dup/vec4;
    %pushi/vec4 3, 0, 3;
    %cmp/u;
    %jmp/1 T_1.6, 6;
    %dup/vec4;
    %pushi/vec4 4, 0, 3;
    %cmp/u;
    %jmp/1 T_1.7, 6;
    %pushi/vec4 0, 0, 3;
    %store/vec4 v0x13672990_0, 0, 3;
    %jmp T_1.9;
T_1.2 ;
    %pushi/vec4 16, 0, 5;
    %store/vec4 v0x136723d0_0, 0, 5;
    %pushi/vec4 0, 0, 1;
    %assign/vec4 v0x136724b0_0, 0;
    %pushi/vec4 0, 0, 32;
    %store/vec4 v0x136728b0_0, 0, 32;
    %load/vec4 v0x13672570_0;
    %flag_set/vec4 8;
    %jmp/0xz  T_1.10, 8;
    %pushi/vec4 5, 0, 3;
    %store/vec4 v0x13672990_0, 0, 3;
    %jmp T_1.11;
T_1.10 ;
    %pushi/vec4 0, 0, 3;
    %store/vec4 v0x13672990_0, 0, 3;
T_1.11 ;
    %jmp T_1.9;
T_1.3 ;
    %pushi/vec4 0, 0, 16;
    %load/vec4 v0x13672630_0;
    %concat/vec4; draw_concat_vec4
    %assign/vec4 v0x13637e20_0, 0;
    %load/vec4 v0x13672710_0;
    %assign/vec4 v0x13671e80_0, 0;
    %pushi/vec4 0, 0, 1;
    %assign/vec4 v0x136724b0_0, 0;
    %pushi/vec4 0, 0, 32;
    %store/vec4 v0x136728b0_0, 0, 32;
    %pushi/vec4 2, 0, 3;
    %store/vec4 v0x13672990_0, 0, 3;
    %jmp T_1.9;
T_1.4 ;
    %load/vec4 v0x13637e20_0;
    %ix/load 4, 1, 0;
    %flag_set/imm 4, 0;
    %shiftl 4;
    %store/vec4 v0x13637e20_0, 0, 32;
    %load/vec4 v0x136723d0_0;
    %subi 1, 0, 5;
    %store/vec4 v0x136723d0_0, 0, 5;
    %pushi/vec4 0, 0, 1;
    %store/vec4 v0x136724b0_0, 0, 1;
    %pushi/vec4 1, 0, 3;
    %store/vec4 v0x13672990_0, 0, 3;
    %jmp T_1.9;
T_1.5 ;
    %load/vec4 v0x1363cbb0_0;
    %parti/s 1, 15, 5;
    %flag_set/vec4 8;
    %jmp/0xz  T_1.12, 8;
    %pushi/vec4 0, 0, 1;
    %ix/load 4, 0, 0;
    %flag_set/imm 4, 0;
    %store/vec4 v0x13637e20_0, 4, 1;
    %jmp T_1.13;
T_1.12 ;
    %pushi/vec4 1, 0, 1;
    %ix/load 4, 0, 0;
    %flag_set/imm 4, 0;
    %store/vec4 v0x13637e20_0, 4, 1;
    %load/vec4 v0x1363cbb0_0;
    %ix/load 4, 16, 0;
    %flag_set/imm 4, 0;
    %store/vec4 v0x13637e20_0, 4, 16;
T_1.13 ;
    %pushi/vec4 0, 0, 1;
    %store/vec4 v0x136724b0_0, 0, 1;
    %pushi/vec4 3, 0, 3;
    %store/vec4 v0x13672990_0, 0, 3;
    %jmp T_1.9;
T_1.6 ;
    %load/vec4 v0x136723d0_0;
    %pad/u 32;
    %cmpi/e 0, 0, 32;
    %jmp/0xz  T_1.14, 4;
    %load/vec4 v0x13637e20_0;
    %pad/u 16;
    %ix/load 4, 0, 0;
    %flag_set/imm 4, 0;
    %store/vec4 v0x136728b0_0, 4, 16;
    %pushi/vec4 4, 0, 3;
    %store/vec4 v0x13672990_0, 0, 3;
    %jmp T_1.15;
T_1.14 ;
    %pushi/vec4 2, 0, 3;
    %store/vec4 v0x13672990_0, 0, 3;
T_1.15 ;
    %jmp T_1.9;
T_1.7 ;
    %pushi/vec4 1, 0, 1;
    %store/vec4 v0x136724b0_0, 0, 1;
    %load/vec4 v0x136723d0_0;
    %addi 1, 0, 5;
    %store/vec4 v0x136723d0_0, 0, 5;
    %load/vec4 v0x136723d0_0;
    %pad/u 32;
    %cmpi/u 29, 0, 32;
    %flag_or 5, 4; GT is !LE
    %flag_inv 5;
    %flag_mov 8, 5;
    %jmp/0 T_1.16, 8;
    %pushi/vec4 0, 0, 3;
    %jmp/1 T_1.17, 8;
T_1.16 ; End of true expr.
    %pushi/vec4 4, 0, 3;
    %jmp/0 T_1.17, 8;
 ; End of false expr.
    %blend;
T_1.17;
    %store/vec4 v0x13672990_0, 0, 3;
    %jmp T_1.9;
T_1.9 ;
    %pop/vec4 1;
T_1.1 ;
    %jmp T_1;
    .thread T_1;
    .scope S_0x13648d30;
T_2 ;
    %wait E_0x1362dfe0;
    %load/vec4 v0x13672990_0;
    %dup/vec4;
    %pushi/vec4 0, 0, 3;
    %cmp/u;
    %jmp/1 T_2.0, 6;
    %dup/vec4;
    %pushi/vec4 5, 0, 3;
    %cmp/u;
    %jmp/1 T_2.1, 6;
    %dup/vec4;
    %pushi/vec4 1, 0, 3;
    %cmp/u;
    %jmp/1 T_2.2, 6;
    %dup/vec4;
    %pushi/vec4 2, 0, 3;
    %cmp/u;
    %jmp/1 T_2.3, 6;
    %dup/vec4;
    %pushi/vec4 3, 0, 3;
    %cmp/u;
    %jmp/1 T_2.4, 6;
    %dup/vec4;
    %pushi/vec4 4, 0, 3;
    %cmp/u;
    %jmp/1 T_2.5, 6;
    %jmp T_2.6;
T_2.0 ;
    %pushi/vec4 0, 0, 32; draw_string_vec4
    %pushi/vec4 0, 0, 32; draw_string_vec4
    %concat/vec4; draw_string_vec4
    %pushi/vec4 0, 0, 32; draw_string_vec4
    %concat/vec4; draw_string_vec4
    %pushi/vec4 0, 0, 32; draw_string_vec4
    %concat/vec4; draw_string_vec4
    %pushi/vec4 0, 0, 32; draw_string_vec4
    %concat/vec4; draw_string_vec4
    %pushi/vec4 0, 0, 32; draw_string_vec4
    %concat/vec4; draw_string_vec4
    %pushi/vec4 0, 0, 32; draw_string_vec4
    %concat/vec4; draw_string_vec4
    %pushi/vec4 0, 0, 32; draw_string_vec4
    %concat/vec4; draw_string_vec4
    %pushi/vec4 83, 0, 32; draw_string_vec4
    %concat/vec4; draw_string_vec4
    %pushi/vec4 1413567060, 0, 32; draw_string_vec4
    %concat/vec4; draw_string_vec4
    %store/vec4 v0x13672a70_0, 0, 320;
    %jmp T_2.6;
T_2.1 ;
    %pushi/vec4 0, 0, 32; draw_string_vec4
    %pushi/vec4 0, 0, 32; draw_string_vec4
    %concat/vec4; draw_string_vec4
    %pushi/vec4 0, 0, 32; draw_string_vec4
    %concat/vec4; draw_string_vec4
    %pushi/vec4 0, 0, 32; draw_string_vec4
    %concat/vec4; draw_string_vec4
    %pushi/vec4 0, 0, 32; draw_string_vec4
    %concat/vec4; draw_string_vec4
    %pushi/vec4 0, 0, 32; draw_string_vec4
    %concat/vec4; draw_string_vec4
    %pushi/vec4 0, 0, 32; draw_string_vec4
    %concat/vec4; draw_string_vec4
    %pushi/vec4 0, 0, 32; draw_string_vec4
    %concat/vec4; draw_string_vec4
    %pushi/vec4 21332, 0, 32; draw_string_vec4
    %concat/vec4; draw_string_vec4
    %pushi/vec4 1095914545, 0, 32; draw_string_vec4
    %concat/vec4; draw_string_vec4
    %store/vec4 v0x13672a70_0, 0, 320;
    %jmp T_2.6;
T_2.2 ;
    %pushi/vec4 0, 0, 32; draw_string_vec4
    %pushi/vec4 0, 0, 32; draw_string_vec4
    %concat/vec4; draw_string_vec4
    %pushi/vec4 0, 0, 32; draw_string_vec4
    %concat/vec4; draw_string_vec4
    %pushi/vec4 0, 0, 32; draw_string_vec4
    %concat/vec4; draw_string_vec4
    %pushi/vec4 0, 0, 32; draw_string_vec4
    %concat/vec4; draw_string_vec4
    %pushi/vec4 0, 0, 32; draw_string_vec4
    %concat/vec4; draw_string_vec4
    %pushi/vec4 67, 0, 32; draw_string_vec4
    %concat/vec4; draw_string_vec4
    %pushi/vec4 1212498763, 0, 32; draw_string_vec4
    %concat/vec4; draw_string_vec4
    %pushi/vec4 1598509637, 0, 32; draw_string_vec4
    %concat/vec4; draw_string_vec4
    %pushi/vec4 1096041810, 0, 32; draw_string_vec4
    %concat/vec4; draw_string_vec4
    %store/vec4 v0x13672a70_0, 0, 320;
    %jmp T_2.6;
T_2.3 ;
    %pushi/vec4 0, 0, 32; draw_string_vec4
    %pushi/vec4 0, 0, 32; draw_string_vec4
    %concat/vec4; draw_string_vec4
    %pushi/vec4 0, 0, 32; draw_string_vec4
    %concat/vec4; draw_string_vec4
    %pushi/vec4 0, 0, 32; draw_string_vec4
    %concat/vec4; draw_string_vec4
    %pushi/vec4 0, 0, 32; draw_string_vec4
    %concat/vec4; draw_string_vec4
    %pushi/vec4 0, 0, 32; draw_string_vec4
    %concat/vec4; draw_string_vec4
    %pushi/vec4 0, 0, 32; draw_string_vec4
    %concat/vec4; draw_string_vec4
    %pushi/vec4 0, 0, 32; draw_string_vec4
    %concat/vec4; draw_string_vec4
    %pushi/vec4 83, 0, 32; draw_string_vec4
    %concat/vec4; draw_string_vec4
    %pushi/vec4 1212761684, 0, 32; draw_string_vec4
    %concat/vec4; draw_string_vec4
    %store/vec4 v0x13672a70_0, 0, 320;
    %jmp T_2.6;
T_2.4 ;
    %pushi/vec4 0, 0, 32; draw_string_vec4
    %pushi/vec4 0, 0, 32; draw_string_vec4
    %concat/vec4; draw_string_vec4
    %pushi/vec4 0, 0, 32; draw_string_vec4
    %concat/vec4; draw_string_vec4
    %pushi/vec4 0, 0, 32; draw_string_vec4
    %concat/vec4; draw_string_vec4
    %pushi/vec4 0, 0, 32; draw_string_vec4
    %concat/vec4; draw_string_vec4
    %pushi/vec4 0, 0, 32; draw_string_vec4
    %concat/vec4; draw_string_vec4
    %pushi/vec4 0, 0, 32; draw_string_vec4
    %concat/vec4; draw_string_vec4
    %pushi/vec4 67, 0, 32; draw_string_vec4
    %concat/vec4; draw_string_vec4
    %pushi/vec4 1212498763, 0, 32; draw_string_vec4
    %concat/vec4; draw_string_vec4
    %pushi/vec4 1598377540, 0, 32; draw_string_vec4
    %concat/vec4; draw_string_vec4
    %store/vec4 v0x13672a70_0, 0, 320;
    %jmp T_2.6;
T_2.5 ;
    %pushi/vec4 0, 0, 32; draw_string_vec4
    %pushi/vec4 0, 0, 32; draw_string_vec4
    %concat/vec4; draw_string_vec4
    %pushi/vec4 0, 0, 32; draw_string_vec4
    %concat/vec4; draw_string_vec4
    %pushi/vec4 0, 0, 32; draw_string_vec4
    %concat/vec4; draw_string_vec4
    %pushi/vec4 0, 0, 32; draw_string_vec4
    %concat/vec4; draw_string_vec4
    %pushi/vec4 0, 0, 32; draw_string_vec4
    %concat/vec4; draw_string_vec4
    %pushi/vec4 0, 0, 32; draw_string_vec4
    %concat/vec4; draw_string_vec4
    %pushi/vec4 0, 0, 32; draw_string_vec4
    %concat/vec4; draw_string_vec4
    %pushi/vec4 0, 0, 32; draw_string_vec4
    %concat/vec4; draw_string_vec4
    %pushi/vec4 4542020, 0, 32; draw_string_vec4
    %concat/vec4; draw_string_vec4
    %store/vec4 v0x13672a70_0, 0, 320;
    %jmp T_2.6;
T_2.6 ;
    %pop/vec4 1;
    %jmp T_2;
    .thread T_2, $push;
    .scope S_0x1360a190;
T_3 ;
    %pushi/vec4 0, 0, 1;
    %store/vec4 v0x13672c30_0, 0, 1;
    %pushi/vec4 0, 0, 1;
    %store/vec4 v0x13673070_0, 0, 1;
    %pushi/vec4 0, 0, 1;
    %store/vec4 v0x13672d90_0, 0, 1;
    %pushi/vec4 51308, 0, 16;
    %store/vec4 v0x13672e60_0, 0, 16;
    %pushi/vec4 202, 0, 16;
    %store/vec4 v0x13672f30_0, 0, 16;
    %pushi/vec4 0, 0, 1;
    %store/vec4 v0x13672fd0_0, 0, 1;
    %end;
    .thread T_3;
    .scope S_0x1360a190;
T_4 ;
    %pushi/vec4 0, 0, 1;
    %assign/vec4 v0x13672c30_0, 0;
    %end;
    .thread T_4;
    .scope S_0x1360a190;
T_5 ;
    %delay 10000, 0;
    %load/vec4 v0x13672c30_0;
    %inv;
    %assign/vec4 v0x13672c30_0, 0;
    %jmp T_5;
    .thread T_5;
    .scope S_0x1360a190;
T_6 ;
    %wait E_0x136548e0;
    %pushi/vec4 1, 0, 1;
    %store/vec4 v0x13673070_0, 0, 1;
    %wait E_0x136548e0;
    %pushi/vec4 0, 0, 1;
    %store/vec4 v0x13673070_0, 0, 1;
    %delay 80000, 0;
    %pushi/vec4 0, 0, 1;
    %store/vec4 v0x13672d90_0, 0, 1;
    %wait E_0x1364b4c0;
    %pushi/vec4 1, 0, 1;
    %store/vec4 v0x13672d90_0, 0, 1;
    %delay 40000, 0;
    %pushi/vec4 0, 0, 1;
    %store/vec4 v0x13672d90_0, 0, 1;
    %delay 1200000, 0;
    %end;
    .thread T_6;
    .scope S_0x1360a190;
T_7 ;
    %fork t_1, S_0x1360a3c0;
    %jmp t_0;
    .scope S_0x1360a3c0;
t_1 ;
    %vpi_call 2 48 "$dumpfile", "div_TB.vcd" {0 0 0};
    %vpi_call 2 49 "$dumpvars", 32'sb11111111111111111111111111111111, S_0x1360a190 {0 0 0};
    %delay 2000000, 0;
    %vpi_call 2 50 "$finish" {0 0 0};
    %end;
    .scope S_0x1360a190;
t_0 %join;
    %end;
    .thread T_7;
    .scope S_0x1360a190;
T_8 ;
    %wait E_0x1364b4c0;
    %load/vec4 v0x13672cf0_0;
    %flag_set/vec4 9;
    %flag_get/vec4 9;
    %jmp/0 T_8.2, 9;
    %load/vec4 v0x13672fd0_0;
    %nor/r;
    %and;
T_8.2;
    %flag_set/vec4 8;
    %jmp/0xz  T_8.0, 8;
    %vpi_call 2 55 "$display", "HW div: %0d / %0d = quotient %0d (0x%04h), result bus 0x%08h", v0x13672e60_0, v0x13672f30_0, &PV<v0x13673140_0, 0, 16>, &PV<v0x13673140_0, 0, 16>, v0x13673140_0 {0 0 0};
    %pushi/vec4 1, 0, 1;
    %store/vec4 v0x13672fd0_0, 0, 1;
T_8.0 ;
    %jmp T_8;
    .thread T_8;
# The file index is used to find the file name in the following table.
:file_names 4;
    "N/A";
    "<interactive>";
    "div_TB.v";
    "div.v";
# EOF
