#! /usr/bin/env bash
exec /home/andresmorales/miniconda3/envs/digital/bin/vvp -f "$0" "$@" <<'# EOF'
:ivl_version "13.0 (devel)" "(0_8-6859-gf50cc35d2-dirty)";
:ivl_delay_selection "TYPICAL";
:vpi_time_precision - 12;
:vpi_module "/home/andresmorales/miniconda3/envs/digital/lib/ivl/system.vpi";
:vpi_module "/home/andresmorales/miniconda3/envs/digital/lib/ivl/vhdl_sys.vpi";
:vpi_module "/home/andresmorales/miniconda3/envs/digital/lib/ivl/vhdl_textio.vpi";
:vpi_module "/home/andresmorales/miniconda3/envs/digital/lib/ivl/v2005_math.vpi";
:vpi_module "/home/andresmorales/miniconda3/envs/digital/lib/ivl/va_math.vpi";
S_0xed4c390 .scope module, "peripheral_div_TB" "peripheral_div_TB" 2 4;
 .timescale -9 -12;
P_0xed4cfa0 .param/l "PERIOD" 0 2 27, +C4<00000000000000000000000000010100>;
v0xed862b0_0 .var "addr", 4 0;
v0xed863c0_0 .var "clk", 0 0;
v0xed86460_0 .var "cs", 0 0;
v0xed86530_0 .var "d_in", 15 0;
v0xed86600_0 .net "d_out", 31 0, v0xed85bf0_0;  1 drivers
v0xed866f0_0 .var "printed", 0 0;
v0xed86790_0 .var "rd", 0 0;
v0xed86860_0 .var "reset", 0 0;
v0xed86950_0 .var "wr", 0 0;
E_0xed567d0 .event negedge, v0xed84e50_0;
S_0xed4c570 .scope begin, "TEST_CASE" "TEST_CASE" 2 81, 2 81 0, S_0xed4c390;
 .timescale -9 -12;
S_0xed08140 .scope module, "uut" "peripheral_div" 2 16, 3 1 0, S_0xed4c390;
 .timescale -9 -12;
    .port_info 0 /INPUT 1 "clk";
    .port_info 1 /INPUT 1 "reset";
    .port_info 2 /INPUT 16 "d_in";
    .port_info 3 /INPUT 1 "cs";
    .port_info 4 /INPUT 5 "addr";
    .port_info 5 /INPUT 1 "rd";
    .port_info 6 /INPUT 1 "wr";
    .port_info 7 /OUTPUT 32 "d_out";
v0xed857b0_0 .var "A", 15 0;
v0xed85890_0 .var "B", 15 0;
v0xed85930_0 .net "addr", 4 0, v0xed862b0_0;  1 drivers
v0xed859d0_0 .net "clk", 0 0, v0xed863c0_0;  1 drivers
v0xed85a70_0 .net "cs", 0 0, v0xed86460_0;  1 drivers
v0xed85b10_0 .net "d_in", 15 0, v0xed86530_0;  1 drivers
v0xed85bf0_0 .var "d_out", 31 0;
v0xed85cd0_0 .net "done", 0 0, v0xed84ff0_0;  1 drivers
v0xed85d70_0 .var "init", 0 0;
v0xed85e10_0 .net "rd", 0 0, v0xed86790_0;  1 drivers
v0xed85eb0_0 .net "reset", 0 0, v0xed86860_0;  1 drivers
v0xed85f80_0 .net "result", 31 0, v0xed853f0_0;  1 drivers
v0xed86050_0 .var "s", 4 0;
v0xed860f0_0 .net "wr", 0 0, v0xed86950_0;  1 drivers
E_0xed2bfe0 .event posedge, v0xed84e50_0;
E_0xed65110 .event anyedge, v0xed85a70_0, v0xed85930_0;
S_0xed08370 .scope module, "div1" "div" 3 70, 4 1 0, S_0xed08140;
 .timescale -9 -12;
    .port_info 0 /INPUT 1 "reset";
    .port_info 1 /INPUT 1 "clk";
    .port_info 2 /INPUT 1 "init";
    .port_info 3 /OUTPUT 1 "done";
    .port_info 4 /OUTPUT 32 "result";
    .port_info 5 /INPUT 16 "op_A";
    .port_info 6 /INPUT 16 "op_B";
P_0xed54cc0 .param/l "CHECK_END" 0 4 15, C4<011>;
P_0xed54d00 .param/l "CHECK_GREATER" 0 4 14, C4<001>;
P_0xed54d40 .param/l "END" 0 4 17, C4<100>;
P_0xed54d80 .param/l "SHIFT" 0 4 16, C4<010>;
P_0xed54dc0 .param/l "START" 0 4 13, C4<000>;
P_0xed54e00 .param/l "START1" 0 4 18, C4<101>;
L_0xed3f740 .functor NOT 16, v0xed3d910_0, C4<0000000000000000>, C4<0000000000000000>, C4<0000000000000000>;
v0xed3f850_0 .var "A", 31 0;
v0xed65310_0 .net "A_minus_B", 15 0, L_0xed96cb0;  1 drivers
v0xed3d910_0 .var "B", 15 0;
v0xed84a80_0 .net *"_ivl_1", 15 0, L_0xed869f0;  1 drivers
v0xed84b60_0 .net *"_ivl_2", 15 0, L_0xed3f740;  1 drivers
L_0x735d46c40018 .functor BUFT 1, C4<0000000000000001>, C4<0>, C4<0>, C4<0>;
v0xed84c90_0 .net/2u *"_ivl_4", 15 0, L_0x735d46c40018;  1 drivers
v0xed84d70_0 .net *"_ivl_6", 15 0, L_0xed96b90;  1 drivers
v0xed84e50_0 .net "clk", 0 0, v0xed863c0_0;  alias, 1 drivers
v0xed84f10_0 .var "count", 4 0;
v0xed84ff0_0 .var "done", 0 0;
v0xed850b0_0 .net "init", 0 0, v0xed85d70_0;  1 drivers
v0xed85170_0 .net "op_A", 15 0, v0xed857b0_0;  1 drivers
v0xed85250_0 .net "op_B", 15 0, v0xed85890_0;  1 drivers
v0xed85330_0 .net "reset", 0 0, v0xed86860_0;  alias, 1 drivers
v0xed853f0_0 .var "result", 31 0;
v0xed854d0_0 .var "state", 2 0;
v0xed855b0_0 .var "state_name", 320 1;
E_0xed651f0 .event anyedge, v0xed854d0_0;
E_0xed64c80 .event posedge, v0xed85330_0, v0xed84e50_0;
L_0xed869f0 .part v0xed3f850_0, 16, 16;
L_0xed96b90 .arith/sum 16, L_0xed3f740, L_0x735d46c40018;
L_0xed96cb0 .arith/sum 16, L_0xed869f0, L_0xed96b90;
    .scope S_0xed08370;
T_0 ;
    %pushi/vec4 0, 0, 32;
    %store/vec4 v0xed853f0_0, 0, 32;
    %pushi/vec4 0, 0, 1;
    %store/vec4 v0xed84ff0_0, 0, 1;
    %end;
    .thread T_0;
    .scope S_0xed08370;
T_1 ;
    %wait E_0xed64c80;
    %load/vec4 v0xed85330_0;
    %flag_set/vec4 8;
    %jmp/0xz  T_1.0, 8;
    %pushi/vec4 0, 0, 1;
    %assign/vec4 v0xed84ff0_0, 0;
    %pushi/vec4 0, 0, 32;
    %assign/vec4 v0xed853f0_0, 0;
    %pushi/vec4 0, 0, 3;
    %store/vec4 v0xed854d0_0, 0, 3;
    %jmp T_1.1;
T_1.0 ;
    %load/vec4 v0xed854d0_0;
    %dup/vec4;
    %pushi/vec4 0, 0, 3;
    %cmp/u;
    %jmp/1 T_1.2, 6;
    %dup/vec4;
    %pushi/vec4 5, 0, 3;
    %cmp/u;
    %jmp/1 T_1.3, 6;
    %dup/vec4;
    %pushi/vec4 2, 0, 3;
    %cmp/u;
    %jmp/1 T_1.4, 6;
    %dup/vec4;
    %pushi/vec4 1, 0, 3;
    %cmp/u;
    %jmp/1 T_1.5, 6;
    %dup/vec4;
    %pushi/vec4 3, 0, 3;
    %cmp/u;
    %jmp/1 T_1.6, 6;
    %dup/vec4;
    %pushi/vec4 4, 0, 3;
    %cmp/u;
    %jmp/1 T_1.7, 6;
    %pushi/vec4 0, 0, 3;
    %store/vec4 v0xed854d0_0, 0, 3;
    %jmp T_1.9;
T_1.2 ;
    %pushi/vec4 16, 0, 5;
    %store/vec4 v0xed84f10_0, 0, 5;
    %pushi/vec4 0, 0, 1;
    %assign/vec4 v0xed84ff0_0, 0;
    %pushi/vec4 0, 0, 32;
    %store/vec4 v0xed853f0_0, 0, 32;
    %load/vec4 v0xed850b0_0;
    %flag_set/vec4 8;
    %jmp/0xz  T_1.10, 8;
    %pushi/vec4 5, 0, 3;
    %store/vec4 v0xed854d0_0, 0, 3;
    %jmp T_1.11;
T_1.10 ;
    %pushi/vec4 0, 0, 3;
    %store/vec4 v0xed854d0_0, 0, 3;
T_1.11 ;
    %jmp T_1.9;
T_1.3 ;
    %pushi/vec4 0, 0, 16;
    %load/vec4 v0xed85170_0;
    %concat/vec4; draw_concat_vec4
    %assign/vec4 v0xed3f850_0, 0;
    %load/vec4 v0xed85250_0;
    %assign/vec4 v0xed3d910_0, 0;
    %pushi/vec4 0, 0, 1;
    %assign/vec4 v0xed84ff0_0, 0;
    %pushi/vec4 0, 0, 32;
    %store/vec4 v0xed853f0_0, 0, 32;
    %pushi/vec4 2, 0, 3;
    %store/vec4 v0xed854d0_0, 0, 3;
    %jmp T_1.9;
T_1.4 ;
    %load/vec4 v0xed3f850_0;
    %ix/load 4, 1, 0;
    %flag_set/imm 4, 0;
    %shiftl 4;
    %store/vec4 v0xed3f850_0, 0, 32;
    %load/vec4 v0xed84f10_0;
    %subi 1, 0, 5;
    %store/vec4 v0xed84f10_0, 0, 5;
    %pushi/vec4 0, 0, 1;
    %store/vec4 v0xed84ff0_0, 0, 1;
    %pushi/vec4 1, 0, 3;
    %store/vec4 v0xed854d0_0, 0, 3;
    %jmp T_1.9;
T_1.5 ;
    %load/vec4 v0xed65310_0;
    %parti/s 1, 15, 5;
    %flag_set/vec4 8;
    %jmp/0xz  T_1.12, 8;
    %pushi/vec4 0, 0, 1;
    %ix/load 4, 0, 0;
    %flag_set/imm 4, 0;
    %store/vec4 v0xed3f850_0, 4, 1;
    %jmp T_1.13;
T_1.12 ;
    %pushi/vec4 1, 0, 1;
    %ix/load 4, 0, 0;
    %flag_set/imm 4, 0;
    %store/vec4 v0xed3f850_0, 4, 1;
    %load/vec4 v0xed65310_0;
    %ix/load 4, 16, 0;
    %flag_set/imm 4, 0;
    %store/vec4 v0xed3f850_0, 4, 16;
T_1.13 ;
    %pushi/vec4 0, 0, 1;
    %store/vec4 v0xed84ff0_0, 0, 1;
    %pushi/vec4 3, 0, 3;
    %store/vec4 v0xed854d0_0, 0, 3;
    %jmp T_1.9;
T_1.6 ;
    %load/vec4 v0xed84f10_0;
    %pad/u 32;
    %cmpi/e 0, 0, 32;
    %jmp/0xz  T_1.14, 4;
    %load/vec4 v0xed3f850_0;
    %pad/u 16;
    %ix/load 4, 0, 0;
    %flag_set/imm 4, 0;
    %store/vec4 v0xed853f0_0, 4, 16;
    %pushi/vec4 4, 0, 3;
    %store/vec4 v0xed854d0_0, 0, 3;
    %jmp T_1.15;
T_1.14 ;
    %pushi/vec4 2, 0, 3;
    %store/vec4 v0xed854d0_0, 0, 3;
T_1.15 ;
    %jmp T_1.9;
T_1.7 ;
    %pushi/vec4 1, 0, 1;
    %store/vec4 v0xed84ff0_0, 0, 1;
    %load/vec4 v0xed84f10_0;
    %addi 1, 0, 5;
    %store/vec4 v0xed84f10_0, 0, 5;
    %load/vec4 v0xed84f10_0;
    %pad/u 32;
    %cmpi/u 29, 0, 32;
    %flag_or 5, 4; GT is !LE
    %flag_inv 5;
    %flag_mov 8, 5;
    %jmp/0 T_1.16, 8;
    %pushi/vec4 0, 0, 3;
    %jmp/1 T_1.17, 8;
T_1.16 ; End of true expr.
    %pushi/vec4 4, 0, 3;
    %jmp/0 T_1.17, 8;
 ; End of false expr.
    %blend;
T_1.17;
    %store/vec4 v0xed854d0_0, 0, 3;
    %jmp T_1.9;
T_1.9 ;
    %pop/vec4 1;
T_1.1 ;
    %jmp T_1;
    .thread T_1;
    .scope S_0xed08370;
T_2 ;
    %wait E_0xed651f0;
    %load/vec4 v0xed854d0_0;
    %dup/vec4;
    %pushi/vec4 0, 0, 3;
    %cmp/u;
    %jmp/1 T_2.0, 6;
    %dup/vec4;
    %pushi/vec4 5, 0, 3;
    %cmp/u;
    %jmp/1 T_2.1, 6;
    %dup/vec4;
    %pushi/vec4 1, 0, 3;
    %cmp/u;
    %jmp/1 T_2.2, 6;
    %dup/vec4;
    %pushi/vec4 2, 0, 3;
    %cmp/u;
    %jmp/1 T_2.3, 6;
    %dup/vec4;
    %pushi/vec4 3, 0, 3;
    %cmp/u;
    %jmp/1 T_2.4, 6;
    %dup/vec4;
    %pushi/vec4 4, 0, 3;
    %cmp/u;
    %jmp/1 T_2.5, 6;
    %jmp T_2.6;
T_2.0 ;
    %pushi/vec4 0, 0, 32; draw_string_vec4
    %pushi/vec4 0, 0, 32; draw_string_vec4
    %concat/vec4; draw_string_vec4
    %pushi/vec4 0, 0, 32; draw_string_vec4
    %concat/vec4; draw_string_vec4
    %pushi/vec4 0, 0, 32; draw_string_vec4
    %concat/vec4; draw_string_vec4
    %pushi/vec4 0, 0, 32; draw_string_vec4
    %concat/vec4; draw_string_vec4
    %pushi/vec4 0, 0, 32; draw_string_vec4
    %concat/vec4; draw_string_vec4
    %pushi/vec4 0, 0, 32; draw_string_vec4
    %concat/vec4; draw_string_vec4
    %pushi/vec4 0, 0, 32; draw_string_vec4
    %concat/vec4; draw_string_vec4
    %pushi/vec4 83, 0, 32; draw_string_vec4
    %concat/vec4; draw_string_vec4
    %pushi/vec4 1413567060, 0, 32; draw_string_vec4
    %concat/vec4; draw_string_vec4
    %store/vec4 v0xed855b0_0, 0, 320;
    %jmp T_2.6;
T_2.1 ;
    %pushi/vec4 0, 0, 32; draw_string_vec4
    %pushi/vec4 0, 0, 32; draw_string_vec4
    %concat/vec4; draw_string_vec4
    %pushi/vec4 0, 0, 32; draw_string_vec4
    %concat/vec4; draw_string_vec4
    %pushi/vec4 0, 0, 32; draw_string_vec4
    %concat/vec4; draw_string_vec4
    %pushi/vec4 0, 0, 32; draw_string_vec4
    %concat/vec4; draw_string_vec4
    %pushi/vec4 0, 0, 32; draw_string_vec4
    %concat/vec4; draw_string_vec4
    %pushi/vec4 0, 0, 32; draw_string_vec4
    %concat/vec4; draw_string_vec4
    %pushi/vec4 0, 0, 32; draw_string_vec4
    %concat/vec4; draw_string_vec4
    %pushi/vec4 21332, 0, 32; draw_string_vec4
    %concat/vec4; draw_string_vec4
    %pushi/vec4 1095914545, 0, 32; draw_string_vec4
    %concat/vec4; draw_string_vec4
    %store/vec4 v0xed855b0_0, 0, 320;
    %jmp T_2.6;
T_2.2 ;
    %pushi/vec4 0, 0, 32; draw_string_vec4
    %pushi/vec4 0, 0, 32; draw_string_vec4
    %concat/vec4; draw_string_vec4
    %pushi/vec4 0, 0, 32; draw_string_vec4
    %concat/vec4; draw_string_vec4
    %pushi/vec4 0, 0, 32; draw_string_vec4
    %concat/vec4; draw_string_vec4
    %pushi/vec4 0, 0, 32; draw_string_vec4
    %concat/vec4; draw_string_vec4
    %pushi/vec4 0, 0, 32; draw_string_vec4
    %concat/vec4; draw_string_vec4
    %pushi/vec4 67, 0, 32; draw_string_vec4
    %concat/vec4; draw_string_vec4
    %pushi/vec4 1212498763, 0, 32; draw_string_vec4
    %concat/vec4; draw_string_vec4
    %pushi/vec4 1598509637, 0, 32; draw_string_vec4
    %concat/vec4; draw_string_vec4
    %pushi/vec4 1096041810, 0, 32; draw_string_vec4
    %concat/vec4; draw_string_vec4
    %store/vec4 v0xed855b0_0, 0, 320;
    %jmp T_2.6;
T_2.3 ;
    %pushi/vec4 0, 0, 32; draw_string_vec4
    %pushi/vec4 0, 0, 32; draw_string_vec4
    %concat/vec4; draw_string_vec4
    %pushi/vec4 0, 0, 32; draw_string_vec4
    %concat/vec4; draw_string_vec4
    %pushi/vec4 0, 0, 32; draw_string_vec4
    %concat/vec4; draw_string_vec4
    %pushi/vec4 0, 0, 32; draw_string_vec4
    %concat/vec4; draw_string_vec4
    %pushi/vec4 0, 0, 32; draw_string_vec4
    %concat/vec4; draw_string_vec4
    %pushi/vec4 0, 0, 32; draw_string_vec4
    %concat/vec4; draw_string_vec4
    %pushi/vec4 0, 0, 32; draw_string_vec4
    %concat/vec4; draw_string_vec4
    %pushi/vec4 83, 0, 32; draw_string_vec4
    %concat/vec4; draw_string_vec4
    %pushi/vec4 1212761684, 0, 32; draw_string_vec4
    %concat/vec4; draw_string_vec4
    %store/vec4 v0xed855b0_0, 0, 320;
    %jmp T_2.6;
T_2.4 ;
    %pushi/vec4 0, 0, 32; draw_string_vec4
    %pushi/vec4 0, 0, 32; draw_string_vec4
    %concat/vec4; draw_string_vec4
    %pushi/vec4 0, 0, 32; draw_string_vec4
    %concat/vec4; draw_string_vec4
    %pushi/vec4 0, 0, 32; draw_string_vec4
    %concat/vec4; draw_string_vec4
    %pushi/vec4 0, 0, 32; draw_string_vec4
    %concat/vec4; draw_string_vec4
    %pushi/vec4 0, 0, 32; draw_string_vec4
    %concat/vec4; draw_string_vec4
    %pushi/vec4 0, 0, 32; draw_string_vec4
    %concat/vec4; draw_string_vec4
    %pushi/vec4 67, 0, 32; draw_string_vec4
    %concat/vec4; draw_string_vec4
    %pushi/vec4 1212498763, 0, 32; draw_string_vec4
    %concat/vec4; draw_string_vec4
    %pushi/vec4 1598377540, 0, 32; draw_string_vec4
    %concat/vec4; draw_string_vec4
    %store/vec4 v0xed855b0_0, 0, 320;
    %jmp T_2.6;
T_2.5 ;
    %pushi/vec4 0, 0, 32; draw_string_vec4
    %pushi/vec4 0, 0, 32; draw_string_vec4
    %concat/vec4; draw_string_vec4
    %pushi/vec4 0, 0, 32; draw_string_vec4
    %concat/vec4; draw_string_vec4
    %pushi/vec4 0, 0, 32; draw_string_vec4
    %concat/vec4; draw_string_vec4
    %pushi/vec4 0, 0, 32; draw_string_vec4
    %concat/vec4; draw_string_vec4
    %pushi/vec4 0, 0, 32; draw_string_vec4
    %concat/vec4; draw_string_vec4
    %pushi/vec4 0, 0, 32; draw_string_vec4
    %concat/vec4; draw_string_vec4
    %pushi/vec4 0, 0, 32; draw_string_vec4
    %concat/vec4; draw_string_vec4
    %pushi/vec4 0, 0, 32; draw_string_vec4
    %concat/vec4; draw_string_vec4
    %pushi/vec4 4542020, 0, 32; draw_string_vec4
    %concat/vec4; draw_string_vec4
    %store/vec4 v0xed855b0_0, 0, 320;
    %jmp T_2.6;
T_2.6 ;
    %pop/vec4 1;
    %jmp T_2;
    .thread T_2, $push;
    .scope S_0xed08140;
T_3 ;
    %wait E_0xed65110;
    %load/vec4 v0xed85a70_0;
    %flag_set/vec4 8;
    %jmp/0xz  T_3.0, 8;
    %load/vec4 v0xed85930_0;
    %dup/vec4;
    %pushi/vec4 4, 0, 5;
    %cmp/u;
    %jmp/1 T_3.2, 6;
    %dup/vec4;
    %pushi/vec4 8, 0, 5;
    %cmp/u;
    %jmp/1 T_3.3, 6;
    %dup/vec4;
    %pushi/vec4 12, 0, 5;
    %cmp/u;
    %jmp/1 T_3.4, 6;
    %dup/vec4;
    %pushi/vec4 16, 0, 5;
    %cmp/u;
    %jmp/1 T_3.5, 6;
    %dup/vec4;
    %pushi/vec4 20, 0, 5;
    %cmp/u;
    %jmp/1 T_3.6, 6;
    %pushi/vec4 0, 0, 5;
    %store/vec4 v0xed86050_0, 0, 5;
    %jmp T_3.8;
T_3.2 ;
    %pushi/vec4 1, 0, 5;
    %store/vec4 v0xed86050_0, 0, 5;
    %jmp T_3.8;
T_3.3 ;
    %pushi/vec4 2, 0, 5;
    %store/vec4 v0xed86050_0, 0, 5;
    %jmp T_3.8;
T_3.4 ;
    %pushi/vec4 4, 0, 5;
    %store/vec4 v0xed86050_0, 0, 5;
    %jmp T_3.8;
T_3.5 ;
    %pushi/vec4 8, 0, 5;
    %store/vec4 v0xed86050_0, 0, 5;
    %jmp T_3.8;
T_3.6 ;
    %pushi/vec4 16, 0, 5;
    %store/vec4 v0xed86050_0, 0, 5;
    %jmp T_3.8;
T_3.8 ;
    %pop/vec4 1;
    %jmp T_3.1;
T_3.0 ;
    %pushi/vec4 0, 0, 5;
    %store/vec4 v0xed86050_0, 0, 5;
T_3.1 ;
    %jmp T_3;
    .thread T_3, $push;
    .scope S_0xed08140;
T_4 ;
    %wait E_0xed2bfe0;
    %load/vec4 v0xed85eb0_0;
    %flag_set/vec4 8;
    %jmp/0xz  T_4.0, 8;
    %pushi/vec4 0, 0, 1;
    %store/vec4 v0xed85d70_0, 0, 1;
    %pushi/vec4 0, 0, 16;
    %store/vec4 v0xed857b0_0, 0, 16;
    %pushi/vec4 0, 0, 16;
    %store/vec4 v0xed85890_0, 0, 16;
    %jmp T_4.1;
T_4.0 ;
    %load/vec4 v0xed85a70_0;
    %flag_set/vec4 9;
    %flag_get/vec4 9;
    %jmp/0 T_4.4, 9;
    %load/vec4 v0xed860f0_0;
    %and;
T_4.4;
    %flag_set/vec4 8;
    %jmp/0xz  T_4.2, 8;
    %load/vec4 v0xed86050_0;
    %parti/s 1, 0, 2;
    %flag_set/vec4 8;
    %jmp/0 T_4.5, 8;
    %load/vec4 v0xed85b10_0;
    %jmp/1 T_4.6, 8;
T_4.5 ; End of true expr.
    %load/vec4 v0xed857b0_0;
    %jmp/0 T_4.6, 8;
 ; End of false expr.
    %blend;
T_4.6;
    %store/vec4 v0xed857b0_0, 0, 16;
    %load/vec4 v0xed86050_0;
    %parti/s 1, 1, 2;
    %flag_set/vec4 8;
    %jmp/0 T_4.7, 8;
    %load/vec4 v0xed85b10_0;
    %jmp/1 T_4.8, 8;
T_4.7 ; End of true expr.
    %load/vec4 v0xed85890_0;
    %jmp/0 T_4.8, 8;
 ; End of false expr.
    %blend;
T_4.8;
    %store/vec4 v0xed85890_0, 0, 16;
    %load/vec4 v0xed86050_0;
    %parti/s 1, 2, 3;
    %flag_set/vec4 8;
    %jmp/0 T_4.9, 8;
    %load/vec4 v0xed85b10_0;
    %parti/s 1, 0, 2;
    %jmp/1 T_4.10, 8;
T_4.9 ; End of true expr.
    %load/vec4 v0xed85d70_0;
    %jmp/0 T_4.10, 8;
 ; End of false expr.
    %blend;
T_4.10;
    %store/vec4 v0xed85d70_0, 0, 1;
T_4.2 ;
T_4.1 ;
    %jmp T_4;
    .thread T_4;
    .scope S_0xed08140;
T_5 ;
    %wait E_0xed2bfe0;
    %load/vec4 v0xed85eb0_0;
    %flag_set/vec4 8;
    %jmp/0xz  T_5.0, 8;
    %pushi/vec4 0, 0, 32;
    %store/vec4 v0xed85bf0_0, 0, 32;
    %jmp T_5.1;
T_5.0 ;
    %load/vec4 v0xed85a70_0;
    %flag_set/vec4 8;
    %jmp/0xz  T_5.2, 8;
    %load/vec4 v0xed86050_0;
    %dup/vec4;
    %pushi/vec4 8, 0, 5;
    %cmp/u;
    %jmp/1 T_5.4, 6;
    %dup/vec4;
    %pushi/vec4 16, 0, 5;
    %cmp/u;
    %jmp/1 T_5.5, 6;
    %jmp T_5.6;
T_5.4 ;
    %load/vec4 v0xed85f80_0;
    %store/vec4 v0xed85bf0_0, 0, 32;
    %jmp T_5.6;
T_5.5 ;
    %pushi/vec4 0, 0, 31;
    %load/vec4 v0xed85cd0_0;
    %concat/vec4; draw_concat_vec4
    %store/vec4 v0xed85bf0_0, 0, 32;
    %jmp T_5.6;
T_5.6 ;
    %pop/vec4 1;
T_5.2 ;
T_5.1 ;
    %jmp T_5;
    .thread T_5;
    .scope S_0xed4c390;
T_6 ;
    %pushi/vec4 0, 0, 1;
    %store/vec4 v0xed863c0_0, 0, 1;
    %pushi/vec4 0, 0, 1;
    %store/vec4 v0xed86860_0, 0, 1;
    %pushi/vec4 0, 0, 16;
    %store/vec4 v0xed86530_0, 0, 16;
    %pushi/vec4 0, 0, 5;
    %store/vec4 v0xed862b0_0, 0, 5;
    %pushi/vec4 0, 0, 1;
    %store/vec4 v0xed86460_0, 0, 1;
    %pushi/vec4 0, 0, 1;
    %store/vec4 v0xed86790_0, 0, 1;
    %pushi/vec4 0, 0, 1;
    %store/vec4 v0xed86950_0, 0, 1;
    %pushi/vec4 0, 0, 1;
    %store/vec4 v0xed866f0_0, 0, 1;
    %end;
    .thread T_6;
    .scope S_0xed4c390;
T_7 ;
    %pushi/vec4 0, 0, 1;
    %assign/vec4 v0xed863c0_0, 0;
    %end;
    .thread T_7;
    .scope S_0xed4c390;
T_8 ;
    %delay 10000, 0;
    %load/vec4 v0xed863c0_0;
    %inv;
    %assign/vec4 v0xed863c0_0, 0;
    %jmp T_8;
    .thread T_8;
    .scope S_0xed4c390;
T_9 ;
T_9.0 ;
    %wait E_0xed567d0;
    %pushi/vec4 1, 0, 1;
    %store/vec4 v0xed86860_0, 0, 1;
    %wait E_0xed567d0;
    %pushi/vec4 0, 0, 1;
    %store/vec4 v0xed86860_0, 0, 1;
    %delay 80000, 0;
    %pushi/vec4 1, 0, 1;
    %store/vec4 v0xed86460_0, 0, 1;
    %pushi/vec4 0, 0, 1;
    %store/vec4 v0xed86790_0, 0, 1;
    %pushi/vec4 1, 0, 1;
    %store/vec4 v0xed86950_0, 0, 1;
    %pushi/vec4 32, 0, 16;
    %store/vec4 v0xed86530_0, 0, 16;
    %pushi/vec4 4, 0, 5;
    %store/vec4 v0xed862b0_0, 0, 5;
    %delay 20000, 0;
    %pushi/vec4 0, 0, 1;
    %store/vec4 v0xed86460_0, 0, 1;
    %pushi/vec4 0, 0, 1;
    %store/vec4 v0xed86790_0, 0, 1;
    %pushi/vec4 0, 0, 1;
    %store/vec4 v0xed86950_0, 0, 1;
    %delay 60000, 0;
    %pushi/vec4 1, 0, 1;
    %store/vec4 v0xed86460_0, 0, 1;
    %pushi/vec4 0, 0, 1;
    %store/vec4 v0xed86790_0, 0, 1;
    %pushi/vec4 1, 0, 1;
    %store/vec4 v0xed86950_0, 0, 1;
    %pushi/vec4 15, 0, 16;
    %store/vec4 v0xed86530_0, 0, 16;
    %pushi/vec4 8, 0, 5;
    %store/vec4 v0xed862b0_0, 0, 5;
    %delay 20000, 0;
    %pushi/vec4 0, 0, 1;
    %store/vec4 v0xed86460_0, 0, 1;
    %pushi/vec4 0, 0, 1;
    %store/vec4 v0xed86790_0, 0, 1;
    %pushi/vec4 0, 0, 1;
    %store/vec4 v0xed86950_0, 0, 1;
    %delay 60000, 0;
    %pushi/vec4 1, 0, 1;
    %store/vec4 v0xed86460_0, 0, 1;
    %pushi/vec4 0, 0, 1;
    %store/vec4 v0xed86790_0, 0, 1;
    %pushi/vec4 1, 0, 1;
    %store/vec4 v0xed86950_0, 0, 1;
    %pushi/vec4 1, 0, 16;
    %store/vec4 v0xed86530_0, 0, 16;
    %pushi/vec4 12, 0, 5;
    %store/vec4 v0xed862b0_0, 0, 5;
    %delay 20000, 0;
    %pushi/vec4 0, 0, 1;
    %store/vec4 v0xed86460_0, 0, 1;
    %pushi/vec4 0, 0, 1;
    %store/vec4 v0xed86790_0, 0, 1;
    %pushi/vec4 0, 0, 1;
    %store/vec4 v0xed86950_0, 0, 1;
    %delay 1400000, 0;
    %pushi/vec4 1, 0, 1;
    %store/vec4 v0xed86460_0, 0, 1;
    %pushi/vec4 1, 0, 1;
    %store/vec4 v0xed86790_0, 0, 1;
    %pushi/vec4 0, 0, 1;
    %store/vec4 v0xed86950_0, 0, 1;
    %pushi/vec4 20, 0, 5;
    %store/vec4 v0xed862b0_0, 0, 5;
    %delay 20000, 0;
    %pushi/vec4 0, 0, 1;
    %store/vec4 v0xed86460_0, 0, 1;
    %pushi/vec4 0, 0, 1;
    %store/vec4 v0xed86790_0, 0, 1;
    %pushi/vec4 0, 0, 1;
    %store/vec4 v0xed86950_0, 0, 1;
    %delay 20000, 0;
    %pushi/vec4 1, 0, 1;
    %store/vec4 v0xed86460_0, 0, 1;
    %pushi/vec4 1, 0, 1;
    %store/vec4 v0xed86790_0, 0, 1;
    %pushi/vec4 0, 0, 1;
    %store/vec4 v0xed86950_0, 0, 1;
    %pushi/vec4 16, 0, 5;
    %store/vec4 v0xed862b0_0, 0, 5;
    %delay 20000, 0;
    %pushi/vec4 0, 0, 1;
    %store/vec4 v0xed86460_0, 0, 1;
    %pushi/vec4 0, 0, 1;
    %store/vec4 v0xed86790_0, 0, 1;
    %pushi/vec4 0, 0, 1;
    %store/vec4 v0xed86950_0, 0, 1;
    %delay 400000, 0;
    %jmp T_9.0;
T_9.1 ;
    %end;
    .thread T_9;
    .scope S_0xed4c390;
T_10 ;
    %fork t_1, S_0xed4c570;
    %jmp t_0;
    .scope S_0xed4c570;
t_1 ;
    %vpi_call 2 82 "$dumpfile", "perip_div_TB.vcd" {0 0 0};
    %vpi_call 2 83 "$dumpvars", 32'sb11111111111111111111111111111111, S_0xed4c390 {0 0 0};
    %delay 3200000, 0;
    %vpi_call 2 84 "$finish" {0 0 0};
    %end;
    .scope S_0xed4c390;
t_0 %join;
    %end;
    .thread T_10;
    .scope S_0xed4c390;
T_11 ;
    %wait E_0xed2bfe0;
    %load/vec4 v0xed84ff0_0;
    %flag_set/vec4 9;
    %flag_get/vec4 9;
    %jmp/0 T_11.2, 9;
    %load/vec4 v0xed866f0_0;
    %nor/r;
    %and;
T_11.2;
    %flag_set/vec4 8;
    %jmp/0xz  T_11.0, 8;
    %vpi_call 2 89 "$display", "Peripheral div: %0d / %0d = quotient %0d (0x%04h), result bus 0x%08h", v0xed857b0_0, v0xed85890_0, &PV<v0xed853f0_0, 0, 16>, &PV<v0xed853f0_0, 0, 16>, v0xed853f0_0 {0 0 0};
    %pushi/vec4 1, 0, 1;
    %store/vec4 v0xed866f0_0, 0, 1;
T_11.0 ;
    %jmp T_11;
    .thread T_11;
# The file index is used to find the file name in the following table.
:file_names 5;
    "N/A";
    "<interactive>";
    "perip_div_TB.v";
    "perip_div.v";
    "div.v";
# EOF
